[     101ms] [INFO] %cDownload the React DevTools for a better development experience: https://react.dev/link/react-devtools font-weight:bold @ http://localhost:3000/_next/static/chunks/08.h_next_dist_0ggglf.._.js:2477
[     115ms] [LOG] [HMR] connected @ http://localhost:3000/_next/static/chunks/08.h_next_dist_0ggglf.._.js:2477
[     151ms] [ERROR] Failed to fetch applications: TypeError: Cannot read properties of null (reading 'from')
    at fetchApplications (http://localhost:3000/_next/static/chunks/spontus_src_0yx5wbe._.js:1547:196)
    at ApplicationsProvider.useEffect (http://localhost:3000/_next/static/chunks/spontus_src_0yx5wbe._.js:1559:13)
    at Object.react_stack_bottom_frame (http://localhost:3000/_next/static/chunks/08.h_next_dist_compiled_react-dom_007fiar._.js:15087:22)
    at runWithFiberInDEV (http://localhost:3000/_next/static/chunks/08.h_next_dist_compiled_react-dom_007fiar._.js:965:74)
    at commitHookEffectListMount (http://localhost:3000/_next/static/chunks/08.h_next_dist_compiled_react-dom_007fiar._.js:7255:167)
    at commitHookPassiveMountEffects (http://localhost:3000/_next/static/chunks/08.h_next_dist_compiled_react-dom_007fiar._.js:7290:60)
    at commitPassiveMountOnFiber (http://localhost:3000/_next/static/chunks/08.h_next_dist_compiled_react-dom_007fiar._.js:8689:33)
    at recursivelyTraversePassiveMountEffects (http://localhost:3000/_next/static/chunks/08.h_next_dist_compiled_react-dom_007fiar._.js:8676:316)
    at commitPassiveMountOnFiber (http://localhost:3000/_next/static/chunks/08.h_next_dist_compiled_react-dom_007fiar._.js:8750:17)
    at recursivelyTraversePassiveMountEffects (http://localhost:3000/_next/static/chunks/08.h_next_dist_compiled_react-dom_007fiar._.js:8676:316)
    at commitPassiveMountOnFiber (http://localhost:3000/_next/static/chunks/08.h_next_dist_compiled_react-dom_007fiar._.js:8688:17)
    at recursivelyTraversePassiveMountEffects (http://localhost:3000/_next/static/chunks/08.h_next_dist_compiled_react-dom_007fiar._.js:8676:316)
    at commitPassiveMountOnFiber (http://localhost:3000/_next/static/chunks/08.h_next_dist_compiled_react-dom_007fiar._.js:8688:17)
    at recursivelyTraversePassiveMountEffects (http://localhost:3000/_next/static/chunks/08.h_next_dist_compiled_react-dom_007fiar._.js:8676:316)
    at commitPassiveMountOnFiber (http://localhost:3000/_next/static/chunks/08.h_next_dist_compiled_react-dom_007fiar._.js:8750:17)
    at recursivelyTraversePassiveMountEffects (http://localhost:3000/_next/static/chunks/08.h_next_dist_compiled_react-dom_007fiar._.js:8676:316)
    at commitPassiveMountOnFiber (http://localhost:3000/_next/static/chunks/08.h_next_dist_compiled_react-dom_007fiar._.js:8750:17)
    at recursivelyTraversePassiveMountEffects (http://localhost:3000/_next/static/chunks/08.h_next_dist_compiled_react-dom_007fiar._.js:8676:316)
    at commitPassiveMountOnFiber (http://localhost:3000/_next/static/chunks/08.h_next_dist_compiled_react-dom_007fiar._.js:8750:17)
    at recursivelyTraversePassiveMountEffects (http://localhost:3000/_next/static/chunks/08.h_next_dist_compiled_react-dom_007fiar._.js:8676:316)
    at commitPassiveMountOnFiber (http://localhost:3000/_next/static/chunks/08.h_next_dist_compiled_react-dom_007fiar._.js:8688:17)
    at recursivelyTraversePassiveMountEffects (http://localhost:3000/_next/static/chunks/08.h_next_dist_compiled_react-dom_007fiar._.js:8676:316)
    at commitPassiveMountOnFiber (http://localhost:3000/_next/static/chunks/08.h_next_dist_compiled_react-dom_007fiar._.js:8688:17)
    at recursivelyTraversePassiveMountEffects (http://localhost:3000/_next/static/chunks/08.h_next_dist_compiled_react-dom_007fiar._.js:8676:316)
    at commitPassiveMountOnFiber (http://localhost:3000/_next/static/chunks/08.h_next_dist_compiled_react-dom_007fiar._.js:8693:17)
    at recursivelyTraversePassiveMountEffects (http://localhost:3000/_next/static/chunks/08.h_next_dist_compiled_react-dom_007fiar._.js:8676:316)
    at commitPassiveMountOnFiber (http://localhost:3000/_next/static/chunks/08.h_next_dist_compiled_react-dom_007fiar._.js:8688:17)
    at recursivelyTraversePassiveMountEffects (http://localhost:3000/_next/static/chunks/08.h_next_dist_compiled_react-dom_007fiar._.js:8676:316)
    at commitPassiveMountOnFiber (http://localhost:3000/_next/static/chunks/08.h_next_dist_compiled_react-dom_007fiar._.js:8693:17)
    at recursivelyTraversePassiveMountEffects (http://localhost:3000/_next/static/chunks/08.h_next_dist_compiled_react-dom_007fiar._.js:8676:316)
    at commitPassiveMountOnFiber (http://localhost:3000/_next/static/chunks/08.h_next_dist_compiled_react-dom_007fiar._.js:8688:17)
    at recursivelyTraversePassiveMountEffects (http://localhost:3000/_next/static/chunks/08.h_next_dist_compiled_react-dom_007fiar._.js:8676:316)
    at commitPassiveMountOnFiber (http://localhost:3000/_next/static/chunks/08.h_next_dist_compiled_react-dom_007fiar._.js:8688:17)
    at recursivelyTraversePassiveMountEffects (http://localhost:3000/_next/static/chunks/08.h_next_dist_compiled_react-dom_007fiar._.js:8676:316)
    at commitPassiveMountOnFiber (http://localhost:3000/_next/static/chunks/08.h_next_dist_compiled_react-dom_007fiar._.js:8693:17)
    at recursivelyTraversePassiveMountEffects (http://localhost:3000/_next/static/chunks/08.h_next_dist_compiled_react-dom_007fiar._.js:8676:316)
    at commitPassiveMountOnFiber (http://localhost:3000/_next/static/chunks/08.h_next_dist_compiled_react-dom_007fiar._.js:8688:17)
    at recursivelyTraversePassiveMountEffects (http://localhost:3000/_next/static/chunks/08.h_next_dist_compiled_react-dom_007fiar._.js:8676:316)
    at commitPassiveMountOnFiber (http://localhost:3000/_next/static/chunks/08.h_next_dist_compiled_react-dom_007fiar._.js:8750:17)
    at recursivelyTraversePassiveMountEffects (http://localhost:3000/_next/static/chunks/08.h_next_dist_compiled_react-dom_007fiar._.js:8676:316)
    at commitPassiveMountOnFiber (http://localhost:3000/_next/static/chunks/08.h_next_dist_compiled_react-dom_007fiar._.js:8750:17)
    at recursivelyTraversePassiveMountEffects (http://localhost:3000/_next/static/chunks/08.h_next_dist_compiled_react-dom_007fiar._.js:8676:316)
    at commitPassiveMountOnFiber (http://localhost:3000/_next/static/chunks/08.h_next_dist_compiled_react-dom_007fiar._.js:8750:17)
    at recursivelyTraversePassiveMountEffects (http://localhost:3000/_next/static/chunks/08.h_next_dist_compiled_react-dom_007fiar._.js:8676:316)
    at commitPassiveMountOnFiber (http://localhost:3000/_next/static/chunks/08.h_next_dist_compiled_react-dom_007fiar._.js:8750:17)
    at recursivelyTraversePassiveMountEffects (http://localhost:3000/_next/static/chunks/08.h_next_dist_compiled_react-dom_007fiar._.js:8676:316)
    at commitPassiveMountOnFiber (http://localhost:3000/_next/static/chunks/08.h_next_dist_compiled_react-dom_007fiar._.js:8750:17)
    at recursivelyTraversePassiveMountEffects (http://localhost:3000/_next/static/chunks/08.h_next_dist_compiled_react-dom_007fiar._.js:8676:316)
    at commitPassiveMountOnFiber (http://localhost:3000/_next/static/chunks/08.h_next_dist_compiled_react-dom_007fiar._.js:8750:17)
    at recursivelyTraversePassiveMountEffects (http://localhost:3000/_next/static/chunks/08.h_next_dist_compiled_react-dom_007fiar._.js:8676:316) @ http://localhost:3000/_next/static/chunks/08.h_next_dist_0ggglf.._.js:3318
[   18217ms] [INFO] %cDownload the React DevTools for a better development experience: https://react.dev/link/react-devtools font-weight:bold @ http://localhost:3000/_next/static/chunks/08.h_next_dist_0ggglf.._.js:2477
[   18227ms] [LOG] [HMR] connected @ http://localhost:3000/_next/static/chunks/08.h_next_dist_0ggglf.._.js:2477
[   18255ms] [ERROR] Failed to fetch applications: TypeError: Cannot read properties of null (reading 'from')
    at fetchApplications (http://localhost:3000/_next/static/chunks/spontus_src_0yx5wbe._.js:1547:196)
    at ApplicationsProvider.useEffect (http://localhost:3000/_next/static/chunks/spontus_src_0yx5wbe._.js:1559:13)
    at Object.react_stack_bottom_frame (http://localhost:3000/_next/static/chunks/08.h_next_dist_compiled_react-dom_007fiar._.js:15087:22)
    at runWithFiberInDEV (http://localhost:3000/_next/static/chunks/08.h_next_dist_compiled_react-dom_007fiar._.js:965:74)
    at commitHookEffectListMount (http://localhost:3000/_next/static/chunks/08.h_next_dist_compiled_react-dom_007fiar._.js:7255:167)
    at commitHookPassiveMountEffects (http://localhost:3000/_next/static/chunks/08.h_next_dist_compiled_react-dom_007fiar._.js:7290:60)
    at commitPassiveMountOnFiber (http://localhost:3000/_next/static/chunks/08.h_next_dist_compiled_react-dom_007fiar._.js:8689:33)
    at recursivelyTraversePassiveMountEffects (http://localhost:3000/_next/static/chunks/08.h_next_dist_compiled_react-dom_007fiar._.js:8676:316)
    at commitPassiveMountOnFiber (http://localhost:3000/_next/static/chunks/08.h_next_dist_compiled_react-dom_007fiar._.js:8750:17)
    at recursivelyTraversePassiveMountEffects (http://localhost:3000/_next/static/chunks/08.h_next_dist_compiled_react-dom_007fiar._.js:8676:316)
    at commitPassiveMountOnFiber (http://localhost:3000/_next/static/chunks/08.h_next_dist_compiled_react-dom_007fiar._.js:8688:17)
    at recursivelyTraversePassiveMountEffects (http://localhost:3000/_next/static/chunks/08.h_next_dist_compiled_react-dom_007fiar._.js:8676:316)
    at commitPassiveMountOnFiber (http://localhost:3000/_next/static/chunks/08.h_next_dist_compiled_react-dom_007fiar._.js:8688:17)
    at recursivelyTraversePassiveMountEffects (http://localhost:3000/_next/static/chunks/08.h_next_dist_compiled_react-dom_007fiar._.js:8676:316)
    at commitPassiveMountOnFiber (http://localhost:3000/_next/static/chunks/08.h_next_dist_compiled_react-dom_007fiar._.js:8750:17)
    at recursivelyTraversePassiveMountEffects (http://localhost:3000/_next/static/chunks/08.h_next_dist_compiled_react-dom_007fiar._.js:8676:316)
    at commitPassiveMountOnFiber (http://localhost:3000/_next/static/chunks/08.h_next_dist_compiled_react-dom_007fiar._.js:8750:17)
    at recursivelyTraversePassiveMountEffects (http://localhost:3000/_next/static/chunks/08.h_next_dist_compiled_react-dom_007fiar._.js:8676:316)
    at commitPassiveMountOnFiber (http://localhost:3000/_next/static/chunks/08.h_next_dist_compiled_react-dom_007fiar._.js:8750:17)
    at recursivelyTraversePassiveMountEffects (http://localhost:3000/_next/static/chunks/08.h_next_dist_compiled_react-dom_007fiar._.js:8676:316)
    at commitPassiveMountOnFiber (http://localhost:3000/_next/static/chunks/08.h_next_dist_compiled_react-dom_007fiar._.js:8688:17)
    at recursivelyTraversePassiveMountEffects (http://localhost:3000/_next/static/chunks/08.h_next_dist_compiled_react-dom_007fiar._.js:8676:316)
    at commitPassiveMountOnFiber (http://localhost:3000/_next/static/chunks/08.h_next_dist_compiled_react-dom_007fiar._.js:8688:17)
    at recursivelyTraversePassiveMountEffects (http://localhost:3000/_next/static/chunks/08.h_next_dist_compiled_react-dom_007fiar._.js:8676:316)
    at commitPassiveMountOnFiber (http://localhost:3000/_next/static/chunks/08.h_next_dist_compiled_react-dom_007fiar._.js:8693:17)
    at recursivelyTraversePassiveMountEffects (http://localhost:3000/_next/static/chunks/08.h_next_dist_compiled_react-dom_007fiar._.js:8676:316)
    at commitPassiveMountOnFiber (http://localhost:3000/_next/static/chunks/08.h_next_dist_compiled_react-dom_007fiar._.js:8688:17)
    at recursivelyTraversePassiveMountEffects (http://localhost:3000/_next/static/chunks/08.h_next_dist_compiled_react-dom_007fiar._.js:8676:316)
    at commitPassiveMountOnFiber (http://localhost:3000/_next/static/chunks/08.h_next_dist_compiled_react-dom_007fiar._.js:8693:17)
    at recursivelyTraversePassiveMountEffects (http://localhost:3000/_next/static/chunks/08.h_next_dist_compiled_react-dom_007fiar._.js:8676:316)
    at commitPassiveMountOnFiber (http://localhost:3000/_next/static/chunks/08.h_next_dist_compiled_react-dom_007fiar._.js:8688:17)
    at recursivelyTraversePassiveMountEffects (http://localhost:3000/_next/static/chunks/08.h_next_dist_compiled_react-dom_007fiar._.js:8676:316)
    at commitPassiveMountOnFiber (http://localhost:3000/_next/static/chunks/08.h_next_dist_compiled_react-dom_007fiar._.js:8688:17)
    at recursivelyTraversePassiveMountEffects (http://localhost:3000/_next/static/chunks/08.h_next_dist_compiled_react-dom_007fiar._.js:8676:316)
    at commitPassiveMountOnFiber (http://localhost:3000/_next/static/chunks/08.h_next_dist_compiled_react-dom_007fiar._.js:8693:17)
    at recursivelyTraversePassiveMountEffects (http://localhost:3000/_next/static/chunks/08.h_next_dist_compiled_react-dom_007fiar._.js:8676:316)
    at commitPassiveMountOnFiber (http://localhost:3000/_next/static/chunks/08.h_next_dist_compiled_react-dom_007fiar._.js:8688:17)
    at recursivelyTraversePassiveMountEffects (http://localhost:3000/_next/static/chunks/08.h_next_dist_compiled_react-dom_007fiar._.js:8676:316)
    at commitPassiveMountOnFiber (http://localhost:3000/_next/static/chunks/08.h_next_dist_compiled_react-dom_007fiar._.js:8750:17)
    at recursivelyTraversePassiveMountEffects (http://localhost:3000/_next/static/chunks/08.h_next_dist_compiled_react-dom_007fiar._.js:8676:316)
    at commitPassiveMountOnFiber (http://localhost:3000/_next/static/chunks/08.h_next_dist_compiled_react-dom_007fiar._.js:8750:17)
    at recursivelyTraversePassiveMountEffects (http://localhost:3000/_next/static/chunks/08.h_next_dist_compiled_react-dom_007fiar._.js:8676:316)
    at commitPassiveMountOnFiber (http://localhost:3000/_next/static/chunks/08.h_next_dist_compiled_react-dom_007fiar._.js:8750:17)
    at recursivelyTraversePassiveMountEffects (http://localhost:3000/_next/static/chunks/08.h_next_dist_compiled_react-dom_007fiar._.js:8676:316)
    at commitPassiveMountOnFiber (http://localhost:3000/_next/static/chunks/08.h_next_dist_compiled_react-dom_007fiar._.js:8750:17)
    at recursivelyTraversePassiveMountEffects (http://localhost:3000/_next/static/chunks/08.h_next_dist_compiled_react-dom_007fiar._.js:8676:316)
    at commitPassiveMountOnFiber (http://localhost:3000/_next/static/chunks/08.h_next_dist_compiled_react-dom_007fiar._.js:8750:17)
    at recursivelyTraversePassiveMountEffects (http://localhost:3000/_next/static/chunks/08.h_next_dist_compiled_react-dom_007fiar._.js:8676:316)
    at commitPassiveMountOnFiber (http://localhost:3000/_next/static/chunks/08.h_next_dist_compiled_react-dom_007fiar._.js:8750:17)
    at recursivelyTraversePassiveMountEffects (http://localhost:3000/_next/static/chunks/08.h_next_dist_compiled_react-dom_007fiar._.js:8676:316) @ http://localhost:3000/_next/static/chunks/08.h_next_dist_0ggglf.._.js:3318
[   29207ms] [INFO] %cDownload the React DevTools for a better development experience: https://react.dev/link/react-devtools font-weight:bold @ http://localhost:3000/_next/static/chunks/08.h_next_dist_0ggglf.._.js:2477
[   29222ms] [LOG] [HMR] connected @ http://localhost:3000/_next/static/chunks/08.h_next_dist_0ggglf.._.js:2477
[   29251ms] [ERROR] Failed to fetch applications: TypeError: Cannot read properties of null (reading 'from')
    at fetchApplications (http://localhost:3000/_next/static/chunks/spontus_src_0yx5wbe._.js:1547:196)
    at ApplicationsProvider.useEffect (http://localhost:3000/_next/static/chunks/spontus_src_0yx5wbe._.js:1559:13)
    at Object.react_stack_bottom_frame (http://localhost:3000/_next/static/chunks/08.h_next_dist_compiled_react-dom_007fiar._.js:15087:22)
    at runWithFiberInDEV (http://localhost:3000/_next/static/chunks/08.h_next_dist_compiled_react-dom_007fiar._.js:965:74)
    at commitHookEffectListMount (http://localhost:3000/_next/static/chunks/08.h_next_dist_compiled_react-dom_007fiar._.js:7255:167)
    at commitHookPassiveMountEffects (http://localhost:3000/_next/static/chunks/08.h_next_dist_compiled_react-dom_007fiar._.js:7290:60)
    at commitPassiveMountOnFiber (http://localhost:3000/_next/static/chunks/08.h_next_dist_compiled_react-dom_007fiar._.js:8689:33)
    at recursivelyTraversePassiveMountEffects (http://localhost:3000/_next/static/chunks/08.h_next_dist_compiled_react-dom_007fiar._.js:8676:316)
    at commitPassiveMountOnFiber (http://localhost:3000/_next/static/chunks/08.h_next_dist_compiled_react-dom_007fiar._.js:8750:17)
    at recursivelyTraversePassiveMountEffects (http://localhost:3000/_next/static/chunks/08.h_next_dist_compiled_react-dom_007fiar._.js:8676:316)
    at commitPassiveMountOnFiber (http://localhost:3000/_next/static/chunks/08.h_next_dist_compiled_react-dom_007fiar._.js:8688:17)
    at recursivelyTraversePassiveMountEffects (http://localhost:3000/_next/static/chunks/08.h_next_dist_compiled_react-dom_007fiar._.js:8676:316)
    at commitPassiveMountOnFiber (http://localhost:3000/_next/static/chunks/08.h_next_dist_compiled_react-dom_007fiar._.js:8688:17)
    at recursivelyTraversePassiveMountEffects (http://localhost:3000/_next/static/chunks/08.h_next_dist_compiled_react-dom_007fiar._.js:8676:316)
    at commitPassiveMountOnFiber (http://localhost:3000/_next/static/chunks/08.h_next_dist_compiled_react-dom_007fiar._.js:8750:17)
    at recursivelyTraversePassiveMountEffects (http://localhost:3000/_next/static/chunks/08.h_next_dist_compiled_react-dom_007fiar._.js:8676:316)
    at commitPassiveMountOnFiber (http://localhost:3000/_next/static/chunks/08.h_next_dist_compiled_react-dom_007fiar._.js:8750:17)
    at recursivelyTraversePassiveMountEffects (http://localhost:3000/_next/static/chunks/08.h_next_dist_compiled_react-dom_007fiar._.js:8676:316)
    at commitPassiveMountOnFiber (http://localhost:3000/_next/static/chunks/08.h_next_dist_compiled_react-dom_007fiar._.js:8750:17)
    at recursivelyTraversePassiveMountEffects (http://localhost:3000/_next/static/chunks/08.h_next_dist_compiled_react-dom_007fiar._.js:8676:316)
    at commitPassiveMountOnFiber (http://localhost:3000/_next/static/chunks/08.h_next_dist_compiled_react-dom_007fiar._.js:8688:17)
    at recursivelyTraversePassiveMountEffects (http://localhost:3000/_next/static/chunks/08.h_next_dist_compiled_react-dom_007fiar._.js:8676:316)
    at commitPassiveMountOnFiber (http://localhost:3000/_next/static/chunks/08.h_next_dist_compiled_react-dom_007fiar._.js:8688:17)
    at recursivelyTraversePassiveMountEffects (http://localhost:3000/_next/static/chunks/08.h_next_dist_compiled_react-dom_007fiar._.js:8676:316)
    at commitPassiveMountOnFiber (http://localhost:3000/_next/static/chunks/08.h_next_dist_compiled_react-dom_007fiar._.js:8693:17)
    at recursivelyTraversePassiveMountEffects (http://localhost:3000/_next/static/chunks/08.h_next_dist_compiled_react-dom_007fiar._.js:8676:316)
    at commitPassiveMountOnFiber (http://localhost:3000/_next/static/chunks/08.h_next_dist_compiled_react-dom_007fiar._.js:8688:17)
    at recursivelyTraversePassiveMountEffects (http://localhost:3000/_next/static/chunks/08.h_next_dist_compiled_react-dom_007fiar._.js:8676:316)
    at commitPassiveMountOnFiber (http://localhost:3000/_next/static/chunks/08.h_next_dist_compiled_react-dom_007fiar._.js:8693:17)
    at recursivelyTraversePassiveMountEffects (http://localhost:3000/_next/static/chunks/08.h_next_dist_compiled_react-dom_007fiar._.js:8676:316)
    at commitPassiveMountOnFiber (http://localhost:3000/_next/static/chunks/08.h_next_dist_compiled_react-dom_007fiar._.js:8688:17)
    at recursivelyTraversePassiveMountEffects (http://localhost:3000/_next/static/chunks/08.h_next_dist_compiled_react-dom_007fiar._.js:8676:316)
    at commitPassiveMountOnFiber (http://localhost:3000/_next/static/chunks/08.h_next_dist_compiled_react-dom_007fiar._.js:8688:17)
    at recursivelyTraversePassiveMountEffects (http://localhost:3000/_next/static/chunks/08.h_next_dist_compiled_react-dom_007fiar._.js:8676:316)
    at commitPassiveMountOnFiber (http://localhost:3000/_next/static/chunks/08.h_next_dist_compiled_react-dom_007fiar._.js:8693:17)
    at recursivelyTraversePassiveMountEffects (http://localhost:3000/_next/static/chunks/08.h_next_dist_compiled_react-dom_007fiar._.js:8676:316)
    at commitPassiveMountOnFiber (http://localhost:3000/_next/static/chunks/08.h_next_dist_compiled_react-dom_007fiar._.js:8688:17)
    at recursivelyTraversePassiveMountEffects (http://localhost:3000/_next/static/chunks/08.h_next_dist_compiled_react-dom_007fiar._.js:8676:316)
    at commitPassiveMountOnFiber (http://localhost:3000/_next/static/chunks/08.h_next_dist_compiled_react-dom_007fiar._.js:8750:17)
    at recursivelyTraversePassiveMountEffects (http://localhost:3000/_next/static/chunks/08.h_next_dist_compiled_react-dom_007fiar._.js:8676:316)
    at commitPassiveMountOnFiber (http://localhost:3000/_next/static/chunks/08.h_next_dist_compiled_react-dom_007fiar._.js:8750:17)
    at recursivelyTraversePassiveMountEffects (http://localhost:3000/_next/static/chunks/08.h_next_dist_compiled_react-dom_007fiar._.js:8676:316)
    at commitPassiveMountOnFiber (http://localhost:3000/_next/static/chunks/08.h_next_dist_compiled_react-dom_007fiar._.js:8750:17)
    at recursivelyTraversePassiveMountEffects (http://localhost:3000/_next/static/chunks/08.h_next_dist_compiled_react-dom_007fiar._.js:8676:316)
    at commitPassiveMountOnFiber (http://localhost:3000/_next/static/chunks/08.h_next_dist_compiled_react-dom_007fiar._.js:8750:17)
    at recursivelyTraversePassiveMountEffects (http://localhost:3000/_next/static/chunks/08.h_next_dist_compiled_react-dom_007fiar._.js:8676:316)
    at commitPassiveMountOnFiber (http://localhost:3000/_next/static/chunks/08.h_next_dist_compiled_react-dom_007fiar._.js:8750:17)
    at recursivelyTraversePassiveMountEffects (http://localhost:3000/_next/static/chunks/08.h_next_dist_compiled_react-dom_007fiar._.js:8676:316)
    at commitPassiveMountOnFiber (http://localhost:3000/_next/static/chunks/08.h_next_dist_compiled_react-dom_007fiar._.js:8750:17)
    at recursivelyTraversePassiveMountEffects (http://localhost:3000/_next/static/chunks/08.h_next_dist_compiled_react-dom_007fiar._.js:8676:316) @ http://localhost:3000/_next/static/chunks/08.h_next_dist_0ggglf.._.js:3318
[   99329ms] [INFO] %cDownload the React DevTools for a better development experience: https://react.dev/link/react-devtools font-weight:bold @ http://localhost:3000/_next/static/chunks/08.h_next_dist_0ggglf.._.js:2477
[   99343ms] [LOG] [HMR] connected @ http://localhost:3000/_next/static/chunks/08.h_next_dist_0ggglf.._.js:2477
[   99380ms] [ERROR] Failed to fetch applications: TypeError: Cannot read properties of null (reading 'from')
    at fetchApplications (http://localhost:3000/_next/static/chunks/spontus_src_0yx5wbe._.js:1547:196)
    at ApplicationsProvider.useEffect (http://localhost:3000/_next/static/chunks/spontus_src_0yx5wbe._.js:1559:13)
    at Object.react_stack_bottom_frame (http://localhost:3000/_next/static/chunks/08.h_next_dist_compiled_react-dom_007fiar._.js:15087:22)
    at runWithFiberInDEV (http://localhost:3000/_next/static/chunks/08.h_next_dist_compiled_react-dom_007fiar._.js:965:74)
    at commitHookEffectListMount (http://localhost:3000/_next/static/chunks/08.h_next_dist_compiled_react-dom_007fiar._.js:7255:167)
    at commitHookPassiveMountEffects (http://localhost:3000/_next/static/chunks/08.h_next_dist_compiled_react-dom_007fiar._.js:7290:60)
    at commitPassiveMountOnFiber (http://localhost:3000/_next/static/chunks/08.h_next_dist_compiled_react-dom_007fiar._.js:8689:33)
    at recursivelyTraversePassiveMountEffects (http://localhost:3000/_next/static/chunks/08.h_next_dist_compiled_react-dom_007fiar._.js:8676:316)
    at commitPassiveMountOnFiber (http://localhost:3000/_next/static/chunks/08.h_next_dist_compiled_react-dom_007fiar._.js:8750:17)
    at recursivelyTraversePassiveMountEffects (http://localhost:3000/_next/static/chunks/08.h_next_dist_compiled_react-dom_007fiar._.js:8676:316)
    at commitPassiveMountOnFiber (http://localhost:3000/_next/static/chunks/08.h_next_dist_compiled_react-dom_007fiar._.js:8688:17)
    at recursivelyTraversePassiveMountEffects (http://localhost:3000/_next/static/chunks/08.h_next_dist_compiled_react-dom_007fiar._.js:8676:316)
    at commitPassiveMountOnFiber (http://localhost:3000/_next/static/chunks/08.h_next_dist_compiled_react-dom_007fiar._.js:8688:17)
    at recursivelyTraversePassiveMountEffects (http://localhost:3000/_next/static/chunks/08.h_next_dist_compiled_react-dom_007fiar._.js:8676:316)
    at commitPassiveMountOnFiber (http://localhost:3000/_next/static/chunks/08.h_next_dist_compiled_react-dom_007fiar._.js:8750:17)
    at recursivelyTraversePassiveMountEffects (http://localhost:3000/_next/static/chunks/08.h_next_dist_compiled_react-dom_007fiar._.js:8676:316)
    at commitPassiveMountOnFiber (http://localhost:3000/_next/static/chunks/08.h_next_dist_compiled_react-dom_007fiar._.js:8750:17)
    at recursivelyTraversePassiveMountEffects (http://localhost:3000/_next/static/chunks/08.h_next_dist_compiled_react-dom_007fiar._.js:8676:316)
    at commitPassiveMountOnFiber (http://localhost:3000/_next/static/chunks/08.h_next_dist_compiled_react-dom_007fiar._.js:8750:17)
    at recursivelyTraversePassiveMountEffects (http://localhost:3000/_next/static/chunks/08.h_next_dist_compiled_react-dom_007fiar._.js:8676:316)
    at commitPassiveMountOnFiber (http://localhost:3000/_next/static/chunks/08.h_next_dist_compiled_react-dom_007fiar._.js:8688:17)
    at recursivelyTraversePassiveMountEffects (http://localhost:3000/_next/static/chunks/08.h_next_dist_compiled_react-dom_007fiar._.js:8676:316)
    at commitPassiveMountOnFiber (http://localhost:3000/_next/static/chunks/08.h_next_dist_compiled_react-dom_007fiar._.js:8688:17)
    at recursivelyTraversePassiveMountEffects (http://localhost:3000/_next/static/chunks/08.h_next_dist_compiled_react-dom_007fiar._.js:8676:316)
    at commitPassiveMountOnFiber (http://localhost:3000/_next/static/chunks/08.h_next_dist_compiled_react-dom_007fiar._.js:8693:17)
    at recursivelyTraversePassiveMountEffects (http://localhost:3000/_next/static/chunks/08.h_next_dist_compiled_react-dom_007fiar._.js:8676:316)
    at commitPassiveMountOnFiber (http://localhost:3000/_next/static/chunks/08.h_next_dist_compiled_react-dom_007fiar._.js:8688:17)
    at recursivelyTraversePassiveMountEffects (http://localhost:3000/_next/static/chunks/08.h_next_dist_compiled_react-dom_007fiar._.js:8676:316)
    at commitPassiveMountOnFiber (http://localhost:3000/_next/static/chunks/08.h_next_dist_compiled_react-dom_007fiar._.js:8693:17)
    at recursivelyTraversePassiveMountEffects (http://localhost:3000/_next/static/chunks/08.h_next_dist_compiled_react-dom_007fiar._.js:8676:316)
    at commitPassiveMountOnFiber (http://localhost:3000/_next/static/chunks/08.h_next_dist_compiled_react-dom_007fiar._.js:8688:17)
    at recursivelyTraversePassiveMountEffects (http://localhost:3000/_next/static/chunks/08.h_next_dist_compiled_react-dom_007fiar._.js:8676:316)
    at commitPassiveMountOnFiber (http://localhost:3000/_next/static/chunks/08.h_next_dist_compiled_react-dom_007fiar._.js:8688:17)
    at recursivelyTraversePassiveMountEffects (http://localhost:3000/_next/static/chunks/08.h_next_dist_compiled_react-dom_007fiar._.js:8676:316)
    at commitPassiveMountOnFiber (http://localhost:3000/_next/static/chunks/08.h_next_dist_compiled_react-dom_007fiar._.js:8693:17)
    at recursivelyTraversePassiveMountEffects (http://localhost:3000/_next/static/chunks/08.h_next_dist_compiled_react-dom_007fiar._.js:8676:316)
    at commitPassiveMountOnFiber (http://localhost:3000/_next/static/chunks/08.h_next_dist_compiled_react-dom_007fiar._.js:8688:17)
    at recursivelyTraversePassiveMountEffects (http://localhost:3000/_next/static/chunks/08.h_next_dist_compiled_react-dom_007fiar._.js:8676:316)
    at commitPassiveMountOnFiber (http://localhost:3000/_next/static/chunks/08.h_next_dist_compiled_react-dom_007fiar._.js:8750:17)
    at recursivelyTraversePassiveMountEffects (http://localhost:3000/_next/static/chunks/08.h_next_dist_compiled_react-dom_007fiar._.js:8676:316)
    at commitPassiveMountOnFiber (http://localhost:3000/_next/static/chunks/08.h_next_dist_compiled_react-dom_007fiar._.js:8750:17)
    at recursivelyTraversePassiveMountEffects (http://localhost:3000/_next/static/chunks/08.h_next_dist_compiled_react-dom_007fiar._.js:8676:316)
    at commitPassiveMountOnFiber (http://localhost:3000/_next/static/chunks/08.h_next_dist_compiled_react-dom_007fiar._.js:8750:17)
    at recursivelyTraversePassiveMountEffects (http://localhost:3000/_next/static/chunks/08.h_next_dist_compiled_react-dom_007fiar._.js:8676:316)
    at commitPassiveMountOnFiber (http://localhost:3000/_next/static/chunks/08.h_next_dist_compiled_react-dom_007fiar._.js:8750:17)
    at recursivelyTraversePassiveMountEffects (http://localhost:3000/_next/static/chunks/08.h_next_dist_compiled_react-dom_007fiar._.js:8676:316)
    at commitPassiveMountOnFiber (http://localhost:3000/_next/static/chunks/08.h_next_dist_compiled_react-dom_007fiar._.js:8750:17)
    at recursivelyTraversePassiveMountEffects (http://localhost:3000/_next/static/chunks/08.h_next_dist_compiled_react-dom_007fiar._.js:8676:316)
    at commitPassiveMountOnFiber (http://localhost:3000/_next/static/chunks/08.h_next_dist_compiled_react-dom_007fiar._.js:8750:17)
    at recursivelyTraversePassiveMountEffects (http://localhost:3000/_next/static/chunks/08.h_next_dist_compiled_react-dom_007fiar._.js:8676:316) @ http://localhost:3000/_next/static/chunks/08.h_next_dist_0ggglf.._.js:3318
[  103280ms] [INFO] %cDownload the React DevTools for a better development experience: https://react.dev/link/react-devtools font-weight:bold @ http://localhost:3000/_next/static/chunks/08.h_next_dist_0ggglf.._.js:2477
[  103292ms] [LOG] [HMR] connected @ http://localhost:3000/_next/static/chunks/08.h_next_dist_0ggglf.._.js:2477
[  103321ms] [ERROR] Failed to fetch applications: TypeError: Cannot read properties of null (reading 'from')
    at fetchApplications (http://localhost:3000/_next/static/chunks/spontus_src_0yx5wbe._.js:1547:196)
    at ApplicationsProvider.useEffect (http://localhost:3000/_next/static/chunks/spontus_src_0yx5wbe._.js:1559:13)
    at Object.react_stack_bottom_frame (http://localhost:3000/_next/static/chunks/08.h_next_dist_compiled_react-dom_007fiar._.js:15087:22)
    at runWithFiberInDEV (http://localhost:3000/_next/static/chunks/08.h_next_dist_compiled_react-dom_007fiar._.js:965:74)
    at commitHookEffectListMount (http://localhost:3000/_next/static/chunks/08.h_next_dist_compiled_react-dom_007fiar._.js:7255:167)
    at commitHookPassiveMountEffects (http://localhost:3000/_next/static/chunks/08.h_next_dist_compiled_react-dom_007fiar._.js:7290:60)
    at commitPassiveMountOnFiber (http://localhost:3000/_next/static/chunks/08.h_next_dist_compiled_react-dom_007fiar._.js:8689:33)
    at recursivelyTraversePassiveMountEffects (http://localhost:3000/_next/static/chunks/08.h_next_dist_compiled_react-dom_007fiar._.js:8676:316)
    at commitPassiveMountOnFiber (http://localhost:3000/_next/static/chunks/08.h_next_dist_compiled_react-dom_007fiar._.js:8750:17)
    at recursivelyTraversePassiveMountEffects (http://localhost:3000/_next/static/chunks/08.h_next_dist_compiled_react-dom_007fiar._.js:8676:316)
    at commitPassiveMountOnFiber (http://localhost:3000/_next/static/chunks/08.h_next_dist_compiled_react-dom_007fiar._.js:8688:17)
    at recursivelyTraversePassiveMountEffects (http://localhost:3000/_next/static/chunks/08.h_next_dist_compiled_react-dom_007fiar._.js:8676:316)
    at commitPassiveMountOnFiber (http://localhost:3000/_next/static/chunks/08.h_next_dist_compiled_react-dom_007fiar._.js:8688:17)
    at recursivelyTraversePassiveMountEffects (http://localhost:3000/_next/static/chunks/08.h_next_dist_compiled_react-dom_007fiar._.js:8676:316)
    at commitPassiveMountOnFiber (http://localhost:3000/_next/static/chunks/08.h_next_dist_compiled_react-dom_007fiar._.js:8750:17)
    at recursivelyTraversePassiveMountEffects (http://localhost:3000/_next/static/chunks/08.h_next_dist_compiled_react-dom_007fiar._.js:8676:316)
    at commitPassiveMountOnFiber (http://localhost:3000/_next/static/chunks/08.h_next_dist_compiled_react-dom_007fiar._.js:8750:17)
    at recursivelyTraversePassiveMountEffects (http://localhost:3000/_next/static/chunks/08.h_next_dist_compiled_react-dom_007fiar._.js:8676:316)
    at commitPassiveMountOnFiber (http://localhost:3000/_next/static/chunks/08.h_next_dist_compiled_react-dom_007fiar._.js:8750:17)
    at recursivelyTraversePassiveMountEffects (http://localhost:3000/_next/static/chunks/08.h_next_dist_compiled_react-dom_007fiar._.js:8676:316)
    at commitPassiveMountOnFiber (http://localhost:3000/_next/static/chunks/08.h_next_dist_compiled_react-dom_007fiar._.js:8688:17)
    at recursivelyTraversePassiveMountEffects (http://localhost:3000/_next/static/chunks/08.h_next_dist_compiled_react-dom_007fiar._.js:8676:316)
    at commitPassiveMountOnFiber (http://localhost:3000/_next/static/chunks/08.h_next_dist_compiled_react-dom_007fiar._.js:8688:17)
    at recursivelyTraversePassiveMountEffects (http://localhost:3000/_next/static/chunks/08.h_next_dist_compiled_react-dom_007fiar._.js:8676:316)
    at commitPassiveMountOnFiber (http://localhost:3000/_next/static/chunks/08.h_next_dist_compiled_react-dom_007fiar._.js:8693:17)
    at recursivelyTraversePassiveMountEffects (http://localhost:3000/_next/static/chunks/08.h_next_dist_compiled_react-dom_007fiar._.js:8676:316)
    at commitPassiveMountOnFiber (http://localhost:3000/_next/static/chunks/08.h_next_dist_compiled_react-dom_007fiar._.js:8688:17)
    at recursivelyTraversePassiveMountEffects (http://localhost:3000/_next/static/chunks/08.h_next_dist_compiled_react-dom_007fiar._.js:8676:316)
    at commitPassiveMountOnFiber (http://localhost:3000/_next/static/chunks/08.h_next_dist_compiled_react-dom_007fiar._.js:8693:17)
    at recursivelyTraversePassiveMountEffects (http://localhost:3000/_next/static/chunks/08.h_next_dist_compiled_react-dom_007fiar._.js:8676:316)
    at commitPassiveMountOnFiber (http://localhost:3000/_next/static/chunks/08.h_next_dist_compiled_react-dom_007fiar._.js:8688:17)
    at recursivelyTraversePassiveMountEffects (http://localhost:3000/_next/static/chunks/08.h_next_dist_compiled_react-dom_007fiar._.js:8676:316)
    at commitPassiveMountOnFiber (http://localhost:3000/_next/static/chunks/08.h_next_dist_compiled_react-dom_007fiar._.js:8688:17)
    at recursivelyTraversePassiveMountEffects (http://localhost:3000/_next/static/chunks/08.h_next_dist_compiled_react-dom_007fiar._.js:8676:316)
    at commitPassiveMountOnFiber (http://localhost:3000/_next/static/chunks/08.h_next_dist_compiled_react-dom_007fiar._.js:8693:17)
    at recursivelyTraversePassiveMountEffects (http://localhost:3000/_next/static/chunks/08.h_next_dist_compiled_react-dom_007fiar._.js:8676:316)
    at commitPassiveMountOnFiber (http://localhost:3000/_next/static/chunks/08.h_next_dist_compiled_react-dom_007fiar._.js:8688:17)
    at recursivelyTraversePassiveMountEffects (http://localhost:3000/_next/static/chunks/08.h_next_dist_compiled_react-dom_007fiar._.js:8676:316)
    at commitPassiveMountOnFiber (http://localhost:3000/_next/static/chunks/08.h_next_dist_compiled_react-dom_007fiar._.js:8750:17)
    at recursivelyTraversePassiveMountEffects (http://localhost:3000/_next/static/chunks/08.h_next_dist_compiled_react-dom_007fiar._.js:8676:316)
    at commitPassiveMountOnFiber (http://localhost:3000/_next/static/chunks/08.h_next_dist_compiled_react-dom_007fiar._.js:8750:17)
    at recursivelyTraversePassiveMountEffects (http://localhost:3000/_next/static/chunks/08.h_next_dist_compiled_react-dom_007fiar._.js:8676:316)
    at commitPassiveMountOnFiber (http://localhost:3000/_next/static/chunks/08.h_next_dist_compiled_react-dom_007fiar._.js:8750:17)
    at recursivelyTraversePassiveMountEffects (http://localhost:3000/_next/static/chunks/08.h_next_dist_compiled_react-dom_007fiar._.js:8676:316)
    at commitPassiveMountOnFiber (http://localhost:3000/_next/static/chunks/08.h_next_dist_compiled_react-dom_007fiar._.js:8750:17)
    at recursivelyTraversePassiveMountEffects (http://localhost:3000/_next/static/chunks/08.h_next_dist_compiled_react-dom_007fiar._.js:8676:316)
    at commitPassiveMountOnFiber (http://localhost:3000/_next/static/chunks/08.h_next_dist_compiled_react-dom_007fiar._.js:8750:17)
    at recursivelyTraversePassiveMountEffects (http://localhost:3000/_next/static/chunks/08.h_next_dist_compiled_react-dom_007fiar._.js:8676:316)
    at commitPassiveMountOnFiber (http://localhost:3000/_next/static/chunks/08.h_next_dist_compiled_react-dom_007fiar._.js:8750:17)
    at recursivelyTraversePassiveMountEffects (http://localhost:3000/_next/static/chunks/08.h_next_dist_compiled_react-dom_007fiar._.js:8676:316) @ http://localhost:3000/_next/static/chunks/08.h_next_dist_0ggglf.._.js:3318
[  147136ms] [INFO] %cDownload the React DevTools for a better development experience: https://react.dev/link/react-devtools font-weight:bold @ http://localhost:3000/_next/static/chunks/08.h_next_dist_0ggglf.._.js:2477
[  147149ms] [LOG] [HMR] connected @ http://localhost:3000/_next/static/chunks/08.h_next_dist_0ggglf.._.js:2477
[  147174ms] [ERROR] Failed to fetch applications: TypeError: Cannot read properties of null (reading 'from')
    at fetchApplications (http://localhost:3000/_next/static/chunks/spontus_src_0yx5wbe._.js:1547:196)
    at ApplicationsProvider.useEffect (http://localhost:3000/_next/static/chunks/spontus_src_0yx5wbe._.js:1559:13)
    at Object.react_stack_bottom_frame (http://localhost:3000/_next/static/chunks/08.h_next_dist_compiled_react-dom_007fiar._.js:15087:22)
    at runWithFiberInDEV (http://localhost:3000/_next/static/chunks/08.h_next_dist_compiled_react-dom_007fiar._.js:965:74)
    at commitHookEffectListMount (http://localhost:3000/_next/static/chunks/08.h_next_dist_compiled_react-dom_007fiar._.js:7255:167)
    at commitHookPassiveMountEffects (http://localhost:3000/_next/static/chunks/08.h_next_dist_compiled_react-dom_007fiar._.js:7290:60)
    at commitPassiveMountOnFiber (http://localhost:3000/_next/static/chunks/08.h_next_dist_compiled_react-dom_007fiar._.js:8689:33)
    at recursivelyTraversePassiveMountEffects (http://localhost:3000/_next/static/chunks/08.h_next_dist_compiled_react-dom_007fiar._.js:8676:316)
    at commitPassiveMountOnFiber (http://localhost:3000/_next/static/chunks/08.h_next_dist_compiled_react-dom_007fiar._.js:8750:17)
    at recursivelyTraversePassiveMountEffects (http://localhost:3000/_next/static/chunks/08.h_next_dist_compiled_react-dom_007fiar._.js:8676:316)
    at commitPassiveMountOnFiber (http://localhost:3000/_next/static/chunks/08.h_next_dist_compiled_react-dom_007fiar._.js:8688:17)
    at recursivelyTraversePassiveMountEffects (http://localhost:3000/_next/static/chunks/08.h_next_dist_compiled_react-dom_007fiar._.js:8676:316)
    at commitPassiveMountOnFiber (http://localhost:3000/_next/static/chunks/08.h_next_dist_compiled_react-dom_007fiar._.js:8688:17)
    at recursivelyTraversePassiveMountEffects (http://localhost:3000/_next/static/chunks/08.h_next_dist_compiled_react-dom_007fiar._.js:8676:316)
    at commitPassiveMountOnFiber (http://localhost:3000/_next/static/chunks/08.h_next_dist_compiled_react-dom_007fiar._.js:8750:17)
    at recursivelyTraversePassiveMountEffects (http://localhost:3000/_next/static/chunks/08.h_next_dist_compiled_react-dom_007fiar._.js:8676:316)
    at commitPassiveMountOnFiber (http://localhost:3000/_next/static/chunks/08.h_next_dist_compiled_react-dom_007fiar._.js:8750:17)
    at recursivelyTraversePassiveMountEffects (http://localhost:3000/_next/static/chunks/08.h_next_dist_compiled_react-dom_007fiar._.js:8676:316)
    at commitPassiveMountOnFiber (http://localhost:3000/_next/static/chunks/08.h_next_dist_compiled_react-dom_007fiar._.js:8750:17)
    at recursivelyTraversePassiveMountEffects (http://localhost:3000/_next/static/chunks/08.h_next_dist_compiled_react-dom_007fiar._.js:8676:316)
    at commitPassiveMountOnFiber (http://localhost:3000/_next/static/chunks/08.h_next_dist_compiled_react-dom_007fiar._.js:8688:17)
    at recursivelyTraversePassiveMountEffects (http://localhost:3000/_next/static/chunks/08.h_next_dist_compiled_react-dom_007fiar._.js:8676:316)
    at commitPassiveMountOnFiber (http://localhost:3000/_next/static/chunks/08.h_next_dist_compiled_react-dom_007fiar._.js:8688:17)
    at recursivelyTraversePassiveMountEffects (http://localhost:3000/_next/static/chunks/08.h_next_dist_compiled_react-dom_007fiar._.js:8676:316)
    at commitPassiveMountOnFiber (http://localhost:3000/_next/static/chunks/08.h_next_dist_compiled_react-dom_007fiar._.js:8693:17)
    at recursivelyTraversePassiveMountEffects (http://localhost:3000/_next/static/chunks/08.h_next_dist_compiled_react-dom_007fiar._.js:8676:316)
    at commitPassiveMountOnFiber (http://localhost:3000/_next/static/chunks/08.h_next_dist_compiled_react-dom_007fiar._.js:8688:17)
    at recursivelyTraversePassiveMountEffects (http://localhost:3000/_next/static/chunks/08.h_next_dist_compiled_react-dom_007fiar._.js:8676:316)
    at commitPassiveMountOnFiber (http://localhost:3000/_next/static/chunks/08.h_next_dist_compiled_react-dom_007fiar._.js:8693:17)
    at recursivelyTraversePassiveMountEffects (http://localhost:3000/_next/static/chunks/08.h_next_dist_compiled_react-dom_007fiar._.js:8676:316)
    at commitPassiveMountOnFiber (http://localhost:3000/_next/static/chunks/08.h_next_dist_compiled_react-dom_007fiar._.js:8688:17)
    at recursivelyTraversePassiveMountEffects (http://localhost:3000/_next/static/chunks/08.h_next_dist_compiled_react-dom_007fiar._.js:8676:316)
    at commitPassiveMountOnFiber (http://localhost:3000/_next/static/chunks/08.h_next_dist_compiled_react-dom_007fiar._.js:8688:17)
    at recursivelyTraversePassiveMountEffects (http://localhost:3000/_next/static/chunks/08.h_next_dist_compiled_react-dom_007fiar._.js:8676:316)
    at commitPassiveMountOnFiber (http://localhost:3000/_next/static/chunks/08.h_next_dist_compiled_react-dom_007fiar._.js:8693:17)
    at recursivelyTraversePassiveMountEffects (http://localhost:3000/_next/static/chunks/08.h_next_dist_compiled_react-dom_007fiar._.js:8676:316)
    at commitPassiveMountOnFiber (http://localhost:3000/_next/static/chunks/08.h_next_dist_compiled_react-dom_007fiar._.js:8688:17)
    at recursivelyTraversePassiveMountEffects (http://localhost:3000/_next/static/chunks/08.h_next_dist_compiled_react-dom_007fiar._.js:8676:316)
    at commitPassiveMountOnFiber (http://localhost:3000/_next/static/chunks/08.h_next_dist_compiled_react-dom_007fiar._.js:8750:17)
    at recursivelyTraversePassiveMountEffects (http://localhost:3000/_next/static/chunks/08.h_next_dist_compiled_react-dom_007fiar._.js:8676:316)
    at commitPassiveMountOnFiber (http://localhost:3000/_next/static/chunks/08.h_next_dist_compiled_react-dom_007fiar._.js:8750:17)
    at recursivelyTraversePassiveMountEffects (http://localhost:3000/_next/static/chunks/08.h_next_dist_compiled_react-dom_007fiar._.js:8676:316)
    at commitPassiveMountOnFiber (http://localhost:3000/_next/static/chunks/08.h_next_dist_compiled_react-dom_007fiar._.js:8750:17)
    at recursivelyTraversePassiveMountEffects (http://localhost:3000/_next/static/chunks/08.h_next_dist_compiled_react-dom_007fiar._.js:8676:316)
    at commitPassiveMountOnFiber (http://localhost:3000/_next/static/chunks/08.h_next_dist_compiled_react-dom_007fiar._.js:8750:17)
    at recursivelyTraversePassiveMountEffects (http://localhost:3000/_next/static/chunks/08.h_next_dist_compiled_react-dom_007fiar._.js:8676:316)
    at commitPassiveMountOnFiber (http://localhost:3000/_next/static/chunks/08.h_next_dist_compiled_react-dom_007fiar._.js:8750:17)
    at recursivelyTraversePassiveMountEffects (http://localhost:3000/_next/static/chunks/08.h_next_dist_compiled_react-dom_007fiar._.js:8676:316)
    at commitPassiveMountOnFiber (http://localhost:3000/_next/static/chunks/08.h_next_dist_compiled_react-dom_007fiar._.js:8750:17)
    at recursivelyTraversePassiveMountEffects (http://localhost:3000/_next/static/chunks/08.h_next_dist_compiled_react-dom_007fiar._.js:8676:316) @ http://localhost:3000/_next/static/chunks/08.h_next_dist_0ggglf.._.js:3318
[  147859ms] [INFO] %cDownload the React DevTools for a better development experience: https://react.dev/link/react-devtools font-weight:bold @ http://localhost:3000/_next/static/chunks/08.h_next_dist_0ggglf.._.js:2477
[  147867ms] [LOG] [HMR] connected @ http://localhost:3000/_next/static/chunks/08.h_next_dist_0ggglf.._.js:2477
[  147896ms] [ERROR] Failed to fetch applications: TypeError: Cannot read properties of null (reading 'from')
    at fetchApplications (http://localhost:3000/_next/static/chunks/spontus_src_0yx5wbe._.js:1547:196)
    at ApplicationsProvider.useEffect (http://localhost:3000/_next/static/chunks/spontus_src_0yx5wbe._.js:1559:13)
    at Object.react_stack_bottom_frame (http://localhost:3000/_next/static/chunks/08.h_next_dist_compiled_react-dom_007fiar._.js:15087:22)
    at runWithFiberInDEV (http://localhost:3000/_next/static/chunks/08.h_next_dist_compiled_react-dom_007fiar._.js:965:74)
    at commitHookEffectListMount (http://localhost:3000/_next/static/chunks/08.h_next_dist_compiled_react-dom_007fiar._.js:7255:167)
    at commitHookPassiveMountEffects (http://localhost:3000/_next/static/chunks/08.h_next_dist_compiled_react-dom_007fiar._.js:7290:60)
    at commitPassiveMountOnFiber (http://localhost:3000/_next/static/chunks/08.h_next_dist_compiled_react-dom_007fiar._.js:8689:33)
    at recursivelyTraversePassiveMountEffects (http://localhost:3000/_next/static/chunks/08.h_next_dist_compiled_react-dom_007fiar._.js:8676:316)
    at commitPassiveMountOnFiber (http://localhost:3000/_next/static/chunks/08.h_next_dist_compiled_react-dom_007fiar._.js:8750:17)
    at recursivelyTraversePassiveMountEffects (http://localhost:3000/_next/static/chunks/08.h_next_dist_compiled_react-dom_007fiar._.js:8676:316)
    at commitPassiveMountOnFiber (http://localhost:3000/_next/static/chunks/08.h_next_dist_compiled_react-dom_007fiar._.js:8688:17)
    at recursivelyTraversePassiveMountEffects (http://localhost:3000/_next/static/chunks/08.h_next_dist_compiled_react-dom_007fiar._.js:8676:316)
    at commitPassiveMountOnFiber (http://localhost:3000/_next/static/chunks/08.h_next_dist_compiled_react-dom_007fiar._.js:8688:17)
    at recursivelyTraversePassiveMountEffects (http://localhost:3000/_next/static/chunks/08.h_next_dist_compiled_react-dom_007fiar._.js:8676:316)
    at commitPassiveMountOnFiber (http://localhost:3000/_next/static/chunks/08.h_next_dist_compiled_react-dom_007fiar._.js:8750:17)
    at recursivelyTraversePassiveMountEffects (http://localhost:3000/_next/static/chunks/08.h_next_dist_compiled_react-dom_007fiar._.js:8676:316)
    at commitPassiveMountOnFiber (http://localhost:3000/_next/static/chunks/08.h_next_dist_compiled_react-dom_007fiar._.js:8750:17)
    at recursivelyTraversePassiveMountEffects (http://localhost:3000/_next/static/chunks/08.h_next_dist_compiled_react-dom_007fiar._.js:8676:316)
    at commitPassiveMountOnFiber (http://localhost:3000/_next/static/chunks/08.h_next_dist_compiled_react-dom_007fiar._.js:8750:17)
    at recursivelyTraversePassiveMountEffects (http://localhost:3000/_next/static/chunks/08.h_next_dist_compiled_react-dom_007fiar._.js:8676:316)
    at commitPassiveMountOnFiber (http://localhost:3000/_next/static/chunks/08.h_next_dist_compiled_react-dom_007fiar._.js:8688:17)
    at recursivelyTraversePassiveMountEffects (http://localhost:3000/_next/static/chunks/08.h_next_dist_compiled_react-dom_007fiar._.js:8676:316)
    at commitPassiveMountOnFiber (http://localhost:3000/_next/static/chunks/08.h_next_dist_compiled_react-dom_007fiar._.js:8688:17)
    at recursivelyTraversePassiveMountEffects (http://localhost:3000/_next/static/chunks/08.h_next_dist_compiled_react-dom_007fiar._.js:8676:316)
    at commitPassiveMountOnFiber (http://localhost:3000/_next/static/chunks/08.h_next_dist_compiled_react-dom_007fiar._.js:8693:17)
    at recursivelyTraversePassiveMountEffects (http://localhost:3000/_next/static/chunks/08.h_next_dist_compiled_react-dom_007fiar._.js:8676:316)
    at commitPassiveMountOnFiber (http://localhost:3000/_next/static/chunks/08.h_next_dist_compiled_react-dom_007fiar._.js:8688:17)
    at recursivelyTraversePassiveMountEffects (http://localhost:3000/_next/static/chunks/08.h_next_dist_compiled_react-dom_007fiar._.js:8676:316)
    at commitPassiveMountOnFiber (http://localhost:3000/_next/static/chunks/08.h_next_dist_compiled_react-dom_007fiar._.js:8693:17)
    at recursivelyTraversePassiveMountEffects (http://localhost:3000/_next/static/chunks/08.h_next_dist_compiled_react-dom_007fiar._.js:8676:316)
    at commitPassiveMountOnFiber (http://localhost:3000/_next/static/chunks/08.h_next_dist_compiled_react-dom_007fiar._.js:8688:17)
    at recursivelyTraversePassiveMountEffects (http://localhost:3000/_next/static/chunks/08.h_next_dist_compiled_react-dom_007fiar._.js:8676:316)
    at commitPassiveMountOnFiber (http://localhost:3000/_next/static/chunks/08.h_next_dist_compiled_react-dom_007fiar._.js:8688:17)
    at recursivelyTraversePassiveMountEffects (http://localhost:3000/_next/static/chunks/08.h_next_dist_compiled_react-dom_007fiar._.js:8676:316)
    at commitPassiveMountOnFiber (http://localhost:3000/_next/static/chunks/08.h_next_dist_compiled_react-dom_007fiar._.js:8693:17)
    at recursivelyTraversePassiveMountEffects (http://localhost:3000/_next/static/chunks/08.h_next_dist_compiled_react-dom_007fiar._.js:8676:316)
    at commitPassiveMountOnFiber (http://localhost:3000/_next/static/chunks/08.h_next_dist_compiled_react-dom_007fiar._.js:8688:17)
    at recursivelyTraversePassiveMountEffects (http://localhost:3000/_next/static/chunks/08.h_next_dist_compiled_react-dom_007fiar._.js:8676:316)
    at commitPassiveMountOnFiber (http://localhost:3000/_next/static/chunks/08.h_next_dist_compiled_react-dom_007fiar._.js:8750:17)
    at recursivelyTraversePassiveMountEffects (http://localhost:3000/_next/static/chunks/08.h_next_dist_compiled_react-dom_007fiar._.js:8676:316)
    at commitPassiveMountOnFiber (http://localhost:3000/_next/static/chunks/08.h_next_dist_compiled_react-dom_007fiar._.js:8750:17)
    at recursivelyTraversePassiveMountEffects (http://localhost:3000/_next/static/chunks/08.h_next_dist_compiled_react-dom_007fiar._.js:8676:316)
    at commitPassiveMountOnFiber (http://localhost:3000/_next/static/chunks/08.h_next_dist_compiled_react-dom_007fiar._.js:8750:17)
    at recursivelyTraversePassiveMountEffects (http://localhost:3000/_next/static/chunks/08.h_next_dist_compiled_react-dom_007fiar._.js:8676:316)
    at commitPassiveMountOnFiber (http://localhost:3000/_next/static/chunks/08.h_next_dist_compiled_react-dom_007fiar._.js:8750:17)
    at recursivelyTraversePassiveMountEffects (http://localhost:3000/_next/static/chunks/08.h_next_dist_compiled_react-dom_007fiar._.js:8676:316)
    at commitPassiveMountOnFiber (http://localhost:3000/_next/static/chunks/08.h_next_dist_compiled_react-dom_007fiar._.js:8750:17)
    at recursivelyTraversePassiveMountEffects (http://localhost:3000/_next/static/chunks/08.h_next_dist_compiled_react-dom_007fiar._.js:8676:316)
    at commitPassiveMountOnFiber (http://localhost:3000/_next/static/chunks/08.h_next_dist_compiled_react-dom_007fiar._.js:8750:17)
    at recursivelyTraversePassiveMountEffects (http://localhost:3000/_next/static/chunks/08.h_next_dist_compiled_react-dom_007fiar._.js:8676:316) @ http://localhost:3000/_next/static/chunks/08.h_next_dist_0ggglf.._.js:3318
